[    4133ms] [ERROR]  Note that 'script-src' was not explicitly set, so 'default-src' is used as a fallback. @ https://internal-rodent-89.accounts.dev/_next/static/chunks/pages/_app-aa1762686ea52c08.js?dpl=dpl_8Yk9mFr6KgYEb725UoWw7jkCV6hF:18
[    4350ms] [WARNING] Clerk: Clerk has been loaded with development keys. Development instances have strict usage limits and should not be used when deploying your application to production. Learn more: https://clerk.com/docs/deployments/overview @ https://internal-rodent-89.accounts.dev/_next/static/chunks/pages/_app-aa1762686ea52c08.js?dpl=dpl_8Yk9mFr6KgYEb725UoWw7jkCV6hF:14
[    5616ms] [ERROR] [handleError]: TypeError: Failed to fetch TypeError: Failed to fetch
    at window.fetch (http://localhost:2283/_app/immutable/chunks/O8iMplps.js:1:1437)
    at ie (http://localhost:2283/_app/immutable/chunks/O8iMplps.js:1:2005)
    at Tt (http://localhost:2283/_app/immutable/chunks/O8iMplps.js:1:14968)
    at fetch (http://localhost:2283/_app/immutable/chunks/O8iMplps.js:1:14471)
    at http://localhost:2283/_app/immutable/chunks/Cp98Sc-4.js:1:46062
    at a (http://localhost:2283/_app/immutable/chunks/Cp98Sc-4.js:1:1866)
    at t (http://localhost:2283/_app/immutable/chunks/Cp98Sc-4.js:1:1247)
    at Object.n [as fetchJson] (http://localhost:2283/_app/immutable/chunks/Cp98Sc-4.js:1:1451)
    at Dt (http://localhost:2283/_app/immutable/chunks/Cp98Sc-4.js:1:15017)
    at Object.refresh (http://localhost:2283/_app/immutable/chunks/C8E2aP0J.js:1:42131) TypeError: Failed to fetch
    at window.fetch (http://localhost:2283/_app/immutable/chunks/O8iMplps.js:1:1437)
    at ie (http://localhost:2283/_app/immutable/chunks/O8iMplps.js:1:2005)
    at Tt (http://localhost:2283/_app/immutable/chunks/O8iMplps.js:1:14968)
    at fetch (http://localhost:2283/_app/immutable/chunks/O8iMplps.js:1:14471)
    at http://localhost:2283/_app/immutable/chunks/Cp98Sc-4.js:1:46062
    at a (http://localhost:2283/_app/immutable/chunks/Cp98Sc-4.js:1:1866)
    at t (http://localhost:2283/_app/immutable/chunks/Cp98Sc-4.js:1:1247)
    at Object.n [as fetchJson] (http://localhost:2283/_app/immutable/chunks/Cp98Sc-4.js:1:1451)
    at Dt (http://localhost:2283/_app/immutable/chunks/Cp98Sc-4.js:1:15017)
    at Object.refresh (http://localhost:2283/_app/immutable/chunks/C8E2aP0J.js:1:42131) @ http://localhost:2283/_app/immutable/chunks/DRZ0B_2V.js:0
[    5618ms] [ERROR] [handleError]: TypeError: Failed to fetch TypeError: Failed to fetch
    at window.fetch (http://localhost:2283/_app/immutable/chunks/O8iMplps.js:1:1437)
    at ie (http://localhost:2283/_app/immutable/chunks/O8iMplps.js:1:2005)
    at Tt (http://localhost:2283/_app/immutable/chunks/O8iMplps.js:1:14968)
    at fetch (http://localhost:2283/_app/immutable/chunks/O8iMplps.js:1:14471)
    at http://localhost:2283/_app/immutable/chunks/Cp98Sc-4.js:1:46062
    at a (http://localhost:2283/_app/immutable/chunks/Cp98Sc-4.js:1:1866)
    at t (http://localhost:2283/_app/immutable/chunks/Cp98Sc-4.js:1:1247)
    at Object.n [as fetchJson] (http://localhost:2283/_app/immutable/chunks/Cp98Sc-4.js:1:1451)
    at Dt (http://localhost:2283/_app/immutable/chunks/Cp98Sc-4.js:1:15017)
    at Object.refresh (http://localhost:2283/_app/immutable/chunks/C8E2aP0J.js:1:42131) TypeError: Failed to fetch
    at window.fetch (http://localhost:2283/_app/immutable/chunks/O8iMplps.js:1:1437)
    at ie (http://localhost:2283/_app/immutable/chunks/O8iMplps.js:1:2005)
    at Tt (http://localhost:2283/_app/immutable/chunks/O8iMplps.js:1:14968)
    at fetch (http://localhost:2283/_app/immutable/chunks/O8iMplps.js:1:14471)
    at http://localhost:2283/_app/immutable/chunks/Cp98Sc-4.js:1:46062
    at a (http://localhost:2283/_app/immutable/chunks/Cp98Sc-4.js:1:1866)
    at t (http://localhost:2283/_app/immutable/chunks/Cp98Sc-4.js:1:1247)
    at Object.n [as fetchJson] (http://localhost:2283/_app/immutable/chunks/Cp98Sc-4.js:1:1451)
    at Dt (http://localhost:2283/_app/immutable/chunks/Cp98Sc-4.js:1:15017)
    at Object.refresh (http://localhost:2283/_app/immutable/chunks/C8E2aP0J.js:1:42131) @ http://localhost:2283/_app/immutable/chunks/DRZ0B_2V.js:0
[    5619ms] [ERROR] [handleError]: TypeError: Failed to fetch TypeError: Failed to fetch
    at window.fetch (http://localhost:2283/_app/immutable/chunks/O8iMplps.js:1:1437)
    at ie (http://localhost:2283/_app/immutable/chunks/O8iMplps.js:1:2005)
    at Tt (http://localhost:2283/_app/immutable/chunks/O8iMplps.js:1:14968)
    at fetch (http://localhost:2283/_app/immutable/chunks/O8iMplps.js:1:14471)
    at http://localhost:2283/_app/immutable/chunks/Cp98Sc-4.js:1:46062
    at a (http://localhost:2283/_app/immutable/chunks/Cp98Sc-4.js:1:1866)
    at t (http://localhost:2283/_app/immutable/chunks/Cp98Sc-4.js:1:1247)
    at Object.n [as fetchJson] (http://localhost:2283/_app/immutable/chunks/Cp98Sc-4.js:1:1451)
    at le (http://localhost:2283/_app/immutable/chunks/Cp98Sc-4.js:1:6278)
    at y (http://localhost:2283/_app/immutable/chunks/DiDmZz8h.js:1:2738) TypeError: Failed to fetch
    at window.fetch (http://localhost:2283/_app/immutable/chunks/O8iMplps.js:1:1437)
    at ie (http://localhost:2283/_app/immutable/chunks/O8iMplps.js:1:2005)
    at Tt (http://localhost:2283/_app/immutable/chunks/O8iMplps.js:1:14968)
    at fetch (http://localhost:2283/_app/immutable/chunks/O8iMplps.js:1:14471)
    at http://localhost:2283/_app/immutable/chunks/Cp98Sc-4.js:1:46062
    at a (http://localhost:2283/_app/immutable/chunks/Cp98Sc-4.js:1:1866)
    at t (http://localhost:2283/_app/immutable/chunks/Cp98Sc-4.js:1:1247)
    at Object.n [as fetchJson] (http://localhost:2283/_app/immutable/chunks/Cp98Sc-4.js:1:1451)
    at le (http://localhost:2283/_app/immutable/chunks/Cp98Sc-4.js:1:6278)
    at y (http://localhost:2283/_app/immutable/chunks/DiDmZz8h.js:1:2738) @ http://localhost:2283/_app/immutable/chunks/DRZ0B_2V.js:0
[    6108ms] [WARNING] The maxzoom value "18" is expected to be greater than the clusterMaxZoom value "18". @ http://localhost:2283/_app/immutable/chunks/DTZDEqrh.js:0
